Archive member included because of file (symbol)

C:\Program Files (x86)\VEX Robotics\VEXcode V5 Text\sdk/vexv5\libv5rt.a(v5_startup.c.obj)
                              (vexStartup)
C:\Program Files (x86)\VEX Robotics\VEXcode V5 Text\sdk/vexv5\libv5rt.a(v5_util.c.obj)
                              C:\Program Files (x86)\VEX Robotics\VEXcode V5 Text\sdk/vexv5\libv5rt.a(v5_startup.c.obj) (vexStdlibVersionLinked)
C:\Program Files (x86)\VEX Robotics\VEXcode V5 Text\sdk/vexv5\libv5rt.a(v5_apijump.c.obj)
                              C:\Program Files (x86)\VEX Robotics\VEXcode V5 Text\sdk/vexv5\libv5rt.a(v5_startup.c.obj) (vexPrivateApiEnable)
C:\Program Files (x86)\VEX Robotics\VEXcode V5 Text\sdk/vexv5\libv5rt.a(v5_apiversions.c.obj)
                              C:\Program Files (x86)\VEX Robotics\VEXcode V5 Text\sdk/vexv5\libv5rt.a(v5_apijump.c.obj) (vexSystemVersion)
C:\Program Files (x86)\VEX Robotics\VEXcode V5 Text\sdk/vexv5\libv5rt.a(vex_global.cpp.obj)
                              build/src/main.o (vex::wait(double, vex::timeUnits))
C:\Program Files (x86)\VEX Robotics\VEXcode V5 Text\sdk/vexv5\libv5rt.a(vex_motor.cpp.obj)
                              build/src/robot-config.o (vex::motor::~motor())
C:\Program Files (x86)\VEX Robotics\VEXcode V5 Text\sdk/vexv5\libv5rt.a(vex_controller.cpp.obj)
                              build/src/robot-config.o (vex::controller::~controller())
C:\Program Files (x86)\VEX Robotics\VEXcode V5 Text\sdk/vexv5\libv5rt.a(vex_thread.cpp.obj)
                              C:\Program Files (x86)\VEX Robotics\VEXcode V5 Text\sdk/vexv5\libv5rt.a(vex_global.cpp.obj) (vex::this_thread::sleep_for(unsigned long))
C:\Program Files (x86)\VEX Robotics\VEXcode V5 Text\sdk/vexv5\libv5rt.a(vex_event.cpp.obj)
                              C:\Program Files (x86)\VEX Robotics\VEXcode V5 Text\sdk/vexv5\libv5rt.a(vex_controller.cpp.obj) (vex::event::init(unsigned long, unsigned long, void (*)()))
C:\Program Files (x86)\VEX Robotics\VEXcode V5 Text\sdk/vexv5\libv5rt.a(vex_mevent.cpp.obj)
                              C:\Program Files (x86)\VEX Robotics\VEXcode V5 Text\sdk/vexv5\libv5rt.a(vex_controller.cpp.obj) (vex::mevent::mevent(unsigned long, unsigned long))
C:\Program Files (x86)\VEX Robotics\VEXcode V5 Text\sdk/vexv5\libv5rt.a(vex_brain.cpp.obj)
                              build/src/robot-config.o (vex::brain::~brain())
C:\Program Files (x86)\VEX Robotics\VEXcode V5 Text\sdk/vexv5\libv5rt.a(vex_competition.cpp.obj)
                              build/src/main.o (vex::competition::competition())
C:\Program Files (x86)\VEX Robotics\VEXcode V5 Text\sdk/vexv5\libv5rt.a(vex_triport.cpp.obj)
                              C:\Program Files (x86)\VEX Robotics\VEXcode V5 Text\sdk/vexv5\libv5rt.a(vex_brain.cpp.obj) (vex::triport::~triport())
C:\Program Files (x86)\VEX Robotics\VEXcode V5 Text\sdk/vexv5\libv5rt.a(vex_color.cpp.obj)
                              C:\Program Files (x86)\VEX Robotics\VEXcode V5 Text\sdk/vexv5\libv5rt.a(vex_brain.cpp.obj) (vex::color::operator unsigned long() const)
C:\Program Files (x86)\VEX Robotics\VEXcode V5 Text\sdk/vexv5\libv5rt.a(vex_timer.cpp.obj)
                              C:\Program Files (x86)\VEX Robotics\VEXcode V5 Text\sdk/vexv5\libv5rt.a(vex_brain.cpp.obj) (vex::timer::~timer())
C:\Program Files (x86)\VEX Robotics\VEXcode V5 Text\sdk/vexv5\libv5rt.a(v5_apiuser.c.obj)
                              C:\Program Files (x86)\VEX Robotics\VEXcode V5 Text\sdk/vexv5\libv5rt.a(vex_triport.cpp.obj) (vexAdiPortConfigSet)
C:\Program Files (x86)\VEX Robotics\VEXcode V5 Text\sdk/vexv5\libv5rt.a(vex_device.cpp.obj)
                              C:\Program Files (x86)\VEX Robotics\VEXcode V5 Text\sdk/vexv5\libv5rt.a(vex_triport.cpp.obj) (vex::device::value())
C:\Program Files (x86)\VEX Robotics\VEXcode V5 Text\sdk/vexv5\libv5rt.a(vex_task.cpp.obj)
                              C:\Program Files (x86)\VEX Robotics\VEXcode V5 Text\sdk/vexv5\libv5rt.a(vex_competition.cpp.obj) (vex::task::task(int (*)()))
C:\Program Files (x86)\VEX Robotics\VEXcode V5 Text\sdk/vexv5/gcc/libs\libc.a(lib_a-aeabi_memcpy.o)
                              build/src/AutonSupport.o (__aeabi_memcpy)
C:\Program Files (x86)\VEX Robotics\VEXcode V5 Text\sdk/vexv5/gcc/libs\libc.a(lib_a-fini.o)
                              C:\Program Files (x86)\VEX Robotics\VEXcode V5 Text\sdk/vexv5\libv5rt.a(v5_startup.c.obj) (__libc_fini_array)
C:\Program Files (x86)\VEX Robotics\VEXcode V5 Text\sdk/vexv5/gcc/libs\libc.a(lib_a-impure.o)
                              C:\Program Files (x86)\VEX Robotics\VEXcode V5 Text\sdk/vexv5\libv5rt.a(v5_startup.c.obj) (_impure_ptr)
C:\Program Files (x86)\VEX Robotics\VEXcode V5 Text\sdk/vexv5/gcc/libs\libc.a(lib_a-init.o)
                              C:\Program Files (x86)\VEX Robotics\VEXcode V5 Text\sdk/vexv5\libv5rt.a(v5_startup.c.obj) (__libc_init_array)
C:\Program Files (x86)\VEX Robotics\VEXcode V5 Text\sdk/vexv5/gcc/libs\libc.a(lib_a-memcpy.o)
[...]
Memory Configuration

Name             Origin             Length             Attributes
ps7_ddr_0_S_AXI_BASEADDR 0x03800000         0x04800000
*default*        0x00000000         0xffffffff

Linker script and memory map

                0x00002000                _STACK_SIZE = DEFINED (_STACK_SIZE)?_STACK_SIZE:0x2000
                0x00100000                _HEAP_SIZE = DEFINED (_HEAP_SIZE)?_HEAP_SIZE:0x100000
                0x00000400                _ABORT_STACK_SIZE = DEFINED (_ABORT_STACK_SIZE)?_ABORT_STACK_SIZE:0x400
                0x00000800                _SUPERVISOR_STACK_SIZE = DEFINED (_SUPERVISOR_STACK_SIZE)?_SUPERVISOR_STACK_SIZE:0x800
                0x00000400                _IRQ_STACK_SIZE = DEFINED (_IRQ_STACK_SIZE)?_IRQ_STACK_SIZE:0x400
                0x00000400                _FIQ_STACK_SIZE = DEFINED (_FIQ_STACK_SIZE)?_FIQ_STACK_SIZE:0x400
                0x00000400                _UNDEF_STACK_SIZE = DEFINED (_UNDEF_STACK_SIZE)?_UNDEF_STACK_SIZE:0x400

.text           0x03800000     0x2920
 *(.vectors)
 *(.boot_data)
 .boot_data     0x03800000       0x20 C:\Program Files (x86)\VEX Robotics\VEXcode V5 Text\sdk/vexv5\libv5rt.a(v5_startup.c.obj)
                0x03800000                vexCodeSig
                0x00000020                . = 0x20
 *(.boot)
 .boot          0x03800020       0xbc C:\Program Files (x86)\VEX Robotics\VEXcode V5 Text\sdk/vexv5\libv5rt.a(v5_startup.c.obj)
                0x03800020                vexStartup
                0x03800100                . = ALIGN (0x40)
 *fill*         0x038000dc       0x24 
 *(.freertos_vectors)
 *(.text)
 *(.text.*)
 .text._Z9pre_autonv
                0x03800100       0x40 build/src/main.o
                0x03800100                pre_auton()
 .text._Z10autonomousv
                0x03800140       0x18 build/src/main.o
                0x03800140                autonomous()
 .text._Z11usercontrolv
                0x03800158      0x100 build/src/main.o
                0x03800158                usercontrol()
 .text.main     0x03800258       0x60 build/src/main.o
                0x03800258                main
 .text._GLOBAL__sub_I_main.cpp
                0x038002b8       0x34 build/src/main.o
 .text._Z6Auton1v
                0x038002ec       0x3c build/src/Autons.o
                0x038002ec                Auton1()
 .text._Z12Paint_Screenv
                0x03800328       0x4c build/src/AutonSupport.o
                0x03800328                Paint_Screen()
 .text._Z12cycle_autonsv
                0x03800374       0xa8 build/src/AutonSupport.o
                0x03800374                cycle_autons()
 .text._Z11vexcodeInitv
                0x0380041c        0x4 build/src/robot-config.o
                0x0380041c                vexcodeInit()
 .text._GLOBAL__sub_I_robot_config.cpp
                0x03800420       0xe8 build/src/robot-config.o
 .text._GLOBAL__sub_I_DriveFunctions.cpp
                0x03800508       0xf4 build/src/DriveFunctions.o
 .text.vexMain  0x038005fc       0xb0 C:\Program Files (x86)\VEX Robotics\VEXcode V5 Text\sdk/vexv5\libv5rt.a(v5_startup.c.obj)
                0x038005fc                vexMain
 .text.__vex_function_prolog
                0x038006ac       0x18 C:\Program Files (x86)\VEX Robotics\VEXcode V5 Text\sdk/vexv5\libv5rt.a(v5_startup.c.obj)
                0x038006ac                __vex_function_prolog
 .text._init    0x038006c4        0x4 C:\Program Files (x86)\VEX Robotics\VEXcode V5 Text\sdk/vexv5\libv5rt.a(v5_startup.c.obj)
                0x038006c4                _init
 .text._fini    0x038006c8        0x4 C:\Program Files (x86)\VEX Robotics\VEXcode V5 Text\sdk/vexv5\libv5rt.a(v5_startup.c.obj)
                0x038006c8                _fini
 .text.vexStdlibVersionLinked
                0x038006cc        0xc C:\Program Files (x86)\VEX Robotics\VEXcode V5 Text\sdk/vexv5\libv5rt.a(v5_util.c.obj)
                0x038006cc                vexStdlibVersionLinked
 .text.vexStdlibVersionVerify
                0x038006d8       0x30 C:\Program Files (x86)\VEX Robotics\VEXcode V5 Text\sdk/vexv5\libv5rt.a(v5_util.c.obj)
                0x038006d8                vexStdlibVersionVerify
 .text.vexPrivateApiEnable
                0x03800708       0x10 C:\Program Files (x86)\VEX Robotics\VEXcode V5 Text\sdk/vexv5\libv5rt.a(v5_apijump.c.obj)
                0x03800708                vexPrivateApiEnable
 .text.vexStdlibMismatchError
                0x03800718       0x3c C:\Program Files (x86)\VEX Robotics\VEXcode V5 Text\sdk/vexv5\libv5rt.a(v5_apijump.c.obj)
                0x03800718                vexStdlibMismatchError
 .text.vexTaskAdd
                0x03800754       0x10 C:\Program Files (x86)\VEX Robotics\VEXcode V5 Text\sdk/vexv5\libv5rt.a(v5_apijump.c.obj)
                0x03800754                vexTaskAdd
 .text.vexTaskStop
                0x03800764       0x10 C:\Program Files (x86)\VEX Robotics\VEXcode V5 Text\sdk/vexv5\libv5rt.a(v5_apijump.c.obj)
                0x03800764                vexTaskStop
 .text.vexTasksRun
                0x03800774       0x10 C:\Program Files (x86)\VEX Robotics\VEXcode V5 Text\sdk/vexv5\libv5rt.a(v5_apijump.c.obj)
                0x03800774                vexTasksRun
 .text.vexTaskYield
                0x03800784       0x10 C:\Program Files (x86)\VEX Robotics\VEXcode V5 Text\sdk/vexv5\libv5rt.a(v5_apijump.c.obj)
                0x03800784                vexTaskYield
 .text.vexTaskCheckTimeslice
                0x03800794       0x10 C:\Program Files (x86)\VEX Robotics\VEXcode V5 Text\sdk/vexv5\libv5rt.a(v5_apijump.c.obj)
                0x03800794                vexTaskCheckTimeslice
 .text.vexTaskSleep
                0x038007a4       0x10 C:\Program Files (x86)\VEX Robotics\VEXcode V5 Text\sdk/vexv5\libv5rt.a(v5_apijump.c.obj)
                0x038007a4                vexTaskSleep
 .text.vexTasksDump
                0x038007b4       0x1c C:\Program Files (x86)\VEX Robotics\VEXcode V5 Text\sdk/vexv5\libv5rt.a(v5_apijump.c.obj)
                0x038007b4                vexTasksDump
 .text.vexTaskGetTaskIndex
                0x038007d0       0x10 C:\Program Files (x86)\VEX Robotics\VEXcode V5 Text\sdk/vexv5\libv5rt.a(v5_apijump.c.obj)
                0x038007d0                vexTaskGetTaskIndex
 .text.vexTaskStopAll
                0x038007e0       0x10 C:\Program Files (x86)\VEX Robotics\VEXcode V5 Text\sdk/vexv5\libv5rt.a(v5_apijump.c.obj)
                0x038007e0                vexTaskStopAll
 .text.vexTaskRemoveAllUser
                0x038007f0       0x34 C:\Program Files (x86)\VEX Robotics\VEXcode V5 Text\sdk/vexv5\libv5rt.a(v5_apijump.c.obj)
                0x038007f0                vexTaskRemoveAllUser
 .text.vexTaskCompletionIdSet
                0x03800824       0x10 C:\Program Files (x86)\VEX Robotics\VEXcode V5 Text\sdk/vexv5\libv5rt.a(v5_apijump.c.obj)
                0x03800824                vexTaskCompletionIdSet
 .text.vexCriticalSection
                0x03800834       0x2c C:\Program Files (x86)\VEX Robotics\VEXcode V5 Text\sdk/vexv5\libv5rt.a(v5_apijump.c.obj)
                0x03800834                vexCriticalSection
 .text.vexEventAdd
                0x03800860       0x34 C:\Program Files (x86)\VEX Robotics\VEXcode V5 Text\sdk/vexv5\libv5rt.a(v5_apijump.c.obj)
                0x03800860                vexEventAdd
 .text.vexEventUserIndexGet
                0x03800894       0x1c C:\Program Files (x86)\VEX Robotics\VEXcode V5 Text\sdk/vexv5\libv5rt.a(v5_apijump.c.obj)
                0x03800894                vexEventUserIndexGet
 .text.vexEventAddWithArg
                0x038008b0       0x3c C:\Program Files (x86)\VEX Robotics\VEXcode V5 Text\sdk/vexv5\libv5rt.a(v5_apijump.c.obj)
                0x038008b0                vexEventAddWithArg
 .text.vexEventsCleanup
                0x038008ec       0x2c C:\Program Files (x86)\VEX Robotics\VEXcode V5 Text\sdk/vexv5\libv5rt.a(v5_apijump.c.obj)
                0x038008ec                vexEventsCleanup
 .text.vexDebug
                0x03800918       0x38 C:\Program Files (x86)\VEX Robotics\VEXcode V5 Text\sdk/vexv5\libv5rt.a(v5_apijump.c.obj)
                0x03800918                vexDebug
 .text.vex_sprintf
                0x03800950       0x40 C:\Program Files (x86)\VEX Robotics\VEXcode V5 Text\sdk/vexv5\libv5rt.a(v5_apijump.c.obj)
                0x03800950                vex_sprintf
 .text.vex_vsnprintf
                0x03800990       0x3c C:\Program Files (x86)\VEX Robotics\VEXcode V5 Text\sdk/vexv5\libv5rt.a(v5_apijump.c.obj)
                0x03800990                vex_vsnprintf
 .text.vexSystemTimeGet
                0x038009cc       0x1c C:\Program Files (x86)\VEX Robotics\VEXcode V5 Text\sdk/vexv5\libv5rt.a(v5_apijump.c.obj)
                0x038009cc                vexSystemTimeGet
 .text.vexSystemExitRequest
                0x038009e8       0x1c C:\Program Files (x86)\VEX Robotics\VEXcode V5 Text\sdk/vexv5\libv5rt.a(v5_apijump.c.obj)
                0x038009e8                vexSystemExitRequest
 .text.vexDeviceGetByIndex
                0x03800a04       0x24 C:\Program Files (x86)\VEX Robotics\VEXcode V5 Text\sdk/vexv5\libv5rt.a(v5_apijump.c.obj)
                0x03800a04                vexDeviceGetByIndex
 .text.vexControllerGet
                0x03800a28       0x2c C:\Program Files (x86)\VEX Robotics\VEXcode V5 Text\sdk/vexv5\libv5rt.a(v5_apijump.c.obj)
                0x03800a28                vexControllerGet
 .text.vexControllerTextSet
                0x03800a54       0x74 C:\Program Files (x86)\VEX Robotics\VEXcode V5 Text\sdk/vexv5\libv5rt.a(v5_apijump.c.obj)
                0x03800a54                vexControllerTextSet
 .text.vexDeviceAdiPortConfigSet
                0x03800ac8       0x34 C:\Program Files (x86)\VEX Robotics\VEXcode V5 Text\sdk/vexv5\libv5rt.a(v5_apijump.c.obj)
                0x03800ac8                vexDeviceAdiPortConfigSet
 .text.vexDeviceMotorVelocitySet
                0x03800afc       0x2c C:\Program Files (x86)\VEX Robotics\VEXcode V5 Text\sdk/vexv5\libv5rt.a(v5_apijump.c.obj)
                0x03800afc                vexDeviceMotorVelocitySet
 .text.vexDeviceMotorActualVelocityGet
                0x03800b28       0x24 C:\Program Files (x86)\VEX Robotics\VEXcode V5 Text\sdk/vexv5\libv5rt.a(v5_apijump.c.obj)
                0x03800b28                vexDeviceMotorActualVelocityGet
 .text.vexDeviceMotorZeroPositionFlagGet
                0x03800b4c       0x24 C:\Program Files (x86)\VEX Robotics\VEXcode V5 Text\sdk/vexv5\libv5rt.a(v5_apijump.c.obj)
                0x03800b4c                vexDeviceMotorZeroPositionFlagGet
 .text.vexDeviceMotorReverseFlagSet
                0x03800b70       0x2c C:\Program Files (x86)\VEX Robotics\VEXcode V5 Text\sdk/vexv5\libv5rt.a(v5_apijump.c.obj)
                0x03800b70                vexDeviceMotorReverseFlagSet
 .text.vexDeviceMotorEncoderUnitsSet
                0x03800b9c       0x2c C:\Program Files (x86)\VEX Robotics\VEXcode V5 Text\sdk/vexv5\libv5rt.a(v5_apijump.c.obj)
                0x03800b9c                vexDeviceMotorEncoderUnitsSet
 .text.vexDeviceMotorBrakeModeSet
                0x03800bc8       0x2c C:\Program Files (x86)\VEX Robotics\VEXcode V5 Text\sdk/vexv5\libv5rt.a(v5_apijump.c.obj)
                0x03800bc8                vexDeviceMotorBrakeModeSet
 .text.vexDeviceMotorPositionSet
                0x03800bf4       0x34 C:\Program Files (x86)\VEX Robotics\VEXcode V5 Text\sdk/vexv5\libv5rt.a(v5_apijump.c.obj)
                0x03800bf4                vexDeviceMotorPositionSet
 .text.vexDeviceMotorRelativeTargetSet
                0x03800c28       0x3c C:\Program Files (x86)\VEX Robotics\VEXcode V5 Text\sdk/vexv5\libv5rt.a(v5_apijump.c.obj)
                0x03800c28                vexDeviceMotorRelativeTargetSet
 .text.vexDeviceMotorGearingSet
                0x03800c64       0x2c C:\Program Files (x86)\VEX Robotics\VEXcode V5 Text\sdk/vexv5\libv5rt.a(v5_apijump.c.obj)
                0x03800c64                vexDeviceMotorGearingSet
 .text.vexDeviceMotorGearingGet
                0x03800c90       0x24 C:\Program Files (x86)\VEX Robotics\VEXcode V5 Text\sdk/vexv5\libv5rt.a(v5_apijump.c.obj)
                0x03800c90                vexDeviceMotorGearingGet
 .text.vexDisplayForegroundColor
                0x03800cb4       0x24 C:\Program Files (x86)\VEX Robotics\VEXcode V5 Text\sdk/vexv5\libv5rt.a(v5_apijump.c.obj)
                0x03800cb4                vexDisplayForegroundColor
 .text.vexDisplayBackgroundColor
                0x03800cd8       0x24 C:\Program Files (x86)\VEX Robotics\VEXcode V5 Text\sdk/vexv5\libv5rt.a(v5_apijump.c.obj)
                0x03800cd8                vexDisplayBackgroundColor
 .text.vexDisplayTextReference
                0x03800cfc       0x24 C:\Program Files (x86)\VEX Robotics\VEXcode V5 Text\sdk/vexv5\libv5rt.a(v5_apijump.c.obj)
                0x03800cfc                vexDisplayTextReference
 .text.vexDisplayTextSize
                0x03800d20       0x2c C:\Program Files (x86)\VEX Robotics\VEXcode V5 Text\sdk/vexv5\libv5rt.a(v5_apijump.c.obj)
                0x03800d20                vexDisplayTextSize
 .text.vexDisplayFontNamedSet
                0x03800d4c       0x24 C:\Program Files (x86)\VEX Robotics\VEXcode V5 Text\sdk/vexv5\libv5rt.a(v5_apijump.c.obj)
                0x03800d4c                vexDisplayFontNamedSet
 .text.vexSystemStdlibImpureDataAddr
                0x03800d70       0x28 C:\Program Files (x86)\VEX Robotics\VEXcode V5 Text\sdk/vexv5\libv5rt.a(v5_apijump.c.obj)
                0x03800d70                vexSystemStdlibImpureDataAddr
 .text.vexSystemStdlibImpureDataSize
                0x03800d98       0x28 C:\Program Files (x86)\VEX Robotics\VEXcode V5 Text\sdk/vexv5\libv5rt.a(v5_apijump.c.obj)
                0x03800d98                vexSystemStdlibImpureDataSize
 .text.vexSystemSaveUserData
                0x03800dc0       0x3c C:\Program Files (x86)\VEX Robotics\VEXcode V5 Text\sdk/vexv5\libv5rt.a(v5_apijump.c.obj)
                0x03800dc0                vexSystemSaveUserData
 .text.vexDisplayThemeIdGet
                0x03800dfc       0x38 C:\Program Files (x86)\VEX Robotics\VEXcode V5 Text\sdk/vexv5\libv5rt.a(v5_apijump.c.obj)
                0x03800dfc                vexDisplayThemeIdGet
 .text.vexDeviceEventMaskSet
                0x03800e34       0x48 C:\Program Files (x86)\VEX Robotics\VEXcode V5 Text\sdk/vexv5\libv5rt.a(v5_apijump.c.obj)
                0x03800e34                vexDeviceEventMaskSet
 .text.vexDeviceEventMaskGet
                0x03800e7c       0x3c C:\Program Files (x86)\VEX Robotics\VEXcode V5 Text\sdk/vexv5\libv5rt.a(v5_apijump.c.obj)
                0x03800e7c                vexDeviceEventMaskGet
 .text.vexSystemVersion
                0x03800eb8       0x10 C:\Program Files (x86)\VEX Robotics\VEXcode V5 Text\sdk/vexv5\libv5rt.a(v5_apiversions.c.obj)
                0x03800eb8                vexSystemVersion
 .text.vexStdlibVersion
                0x03800ec8       0x10 C:\Program Files (x86)\VEX Robotics\VEXcode V5 Text\sdk/vexv5\libv5rt.a(v5_apiversions.c.obj)
                0x03800ec8                vexStdlibVersion
 .text._ZN3vex4waitEdNS_9timeUnitsE
                0x03800ed8       0x30 C:\Program Files (x86)\VEX Robotics\VEXcode V5 Text\sdk/vexv5\libv5rt.a(vex_global.cpp.obj)
                0x03800ed8                vex::wait(double, vex::timeUnits)
 .text._ZN3vex5motor9installedEv
                0x03800f08       0x18 C:\Program Files (x86)\VEX Robotics\VEXcode V5 Text\sdk/vexv5\libv5rt.a(vex_motor.cpp.obj)
                0x03800f08                vex::motor::installed()
 .text._ZN3vex5motorD2Ev
                0x03800f20       0x20 C:\Program Files (x86)\VEX Robotics\VEXcode V5 Text\sdk/vexv5\libv5rt.a(vex_motor.cpp.obj)
                0x03800f20                vex::motor::~motor()
                0x03800f20                vex::motor::~motor()
 .text._ZN3vex5motor15defaultStoppingENS_9brakeTypeE
                0x03800f40       0x30 C:\Program Files (x86)\VEX Robotics\VEXcode V5 Text\sdk/vexv5\libv5rt.a(vex_motor.cpp.obj)
                0x03800f40                vex::motor::defaultStopping(vex::brakeType)
 .text._ZN3vex5motorC2El
                0x03800f70       0x78 C:\Program Files (x86)\VEX Robotics\VEXcode V5 Text\sdk/vexv5\libv5rt.a(vex_motor.cpp.obj)
                0x03800f70                vex::motor::motor(long)
                0x03800f70                vex::motor::motor(long)
 .text._ZN3vex5motorC2ElNS_11gearSettingEb
                0x03800fe8       0x34 C:\Program Files (x86)\VEX Robotics\VEXcode V5 Text\sdk/vexv5\libv5rt.a(vex_motor.cpp.obj)
                0x03800fe8                vex::motor::motor(long, vex::gearSetting, bool)
                0x03800fe8                vex::motor::motor(long, vex::gearSetting, bool)
 .text._ZN3vex5motor4stopENS_9brakeTypeE
                0x0380101c       0x30 C:\Program Files (x86)\VEX Robotics\VEXcode V5 Text\sdk/vexv5\libv5rt.a(vex_motor.cpp.obj)
                0x0380101c                vex::motor::stop(vex::brakeType)
 .text._ZN3vex5motor4stopEv
                0x0380104c        0x8 C:\Program Files (x86)\VEX Robotics\VEXcode V5 Text\sdk/vexv5\libv5rt.a(vex_motor.cpp.obj)
                0x0380104c                vex::motor::stop()
 .text._ZN3vex5motor16velocityToScaledEdNS_13velocityUnitsE
                0x03801054       0x5c C:\Program Files (x86)\VEX Robotics\VEXcode V5 Text\sdk/vexv5\libv5rt.a(vex_motor.cpp.obj)
                0x03801054                vex::motor::velocityToScaled(double, vex::velocityUnits)
 .text._ZN3vex5motor8velocityENS_13velocityUnitsE
                0x038010b0       0x30 C:\Program Files (x86)\VEX Robotics\VEXcode V5 Text\sdk/vexv5\libv5rt.a(vex_motor.cpp.obj)
                0x038010b0                vex::motor::velocity(vex::velocityUnits)
 .text._ZN3vex5motor5valueEv
                0x038010e0       0x1c C:\Program Files (x86)\VEX Robotics\VEXcode V5 Text\sdk/vexv5\libv5rt.a(vex_motor.cpp.obj)
                0x038010e0                vex::motor::value()
 .text._ZN3vex5motor16scaledToVelocityEdNS_13velocityUnitsE
                0x038010fc       0xa4 C:\Program Files (x86)\VEX Robotics\VEXcode V5 Text\sdk/vexv5\libv5rt.a(vex_motor.cpp.obj)
                0x038010fc                vex::motor::scaledToVelocity(double, vex::velocityUnits)
 .text._ZN3vex5motor4spinENS_13directionTypeEdNS_13velocityUnitsE
                0x038011a0       0x5c C:\Program Files (x86)\VEX Robotics\VEXcode V5 Text\sdk/vexv5\libv5rt.a(vex_motor.cpp.obj)
                0x038011a0                vex::motor::spin(vex::directionType, double, vex::velocityUnits)
 .text._ZN3vex5motor4spinENS_13directionTypeE
                0x038011fc       0x28 C:\Program Files (x86)\VEX Robotics\VEXcode V5 Text\sdk/vexv5\libv5rt.a(vex_motor.cpp.obj)
                0x038011fc                vex::motor::spin(vex::directionType)
 .text._ZN3vex5motor11setVelocityEdNS_13velocityUnitsE
                0x03801224       0x54 C:\Program Files (x86)\VEX Robotics\VEXcode V5 Text\sdk/vexv5\libv5rt.a(vex_motor.cpp.obj)
                0x03801224                vex::motor::setVelocity(double, vex::velocityUnits)
 .text._ZN3vex5motor16setRotationUnitsENS_13rotationUnitsE
                0x03801278       0x1c C:\Program Files (x86)\VEX Robotics\VEXcode V5 Text\sdk/vexv5\libv5rt.a(vex_motor.cpp.obj)
                0x03801278                vex::motor::setRotationUnits(vex::rotationUnits)
 .text._ZN3vex5motor9rotateForEdNS_13rotationUnitsEdNS_13velocityUnitsEb
                0x03801294       0xe0 C:\Program Files (x86)\VEX Robotics\VEXcode V5 Text\sdk/vexv5\libv5rt.a(vex_motor.cpp.obj)
                0x03801294                vex::motor::rotateFor(double, vex::rotationUnits, double, vex::velocityUnits, bool)
 .text._ZN3vex5motor7spinForEdNS_13rotationUnitsEb
                0x03801374       0x34 C:\Program Files (x86)\VEX Robotics\VEXcode V5 Text\sdk/vexv5\libv5rt.a(vex_motor.cpp.obj)
                0x03801374                vex::motor::spinFor(double, vex::rotationUnits, bool)
 .text._ZN3vex10controllerD2Ev
                0x038013a8        0x4 C:\Program Files (x86)\VEX Robotics\VEXcode V5 Text\sdk/vexv5\libv5rt.a(vex_controller.cpp.obj)
                0x038013a8                vex::controller::~controller()
                0x038013a8                vex::controller::~controller()
 .text._ZN3vex10controller5valueE19_V5_ControllerIndex
                0x038013ac        0x8 C:\Program Files (x86)\VEX Robotics\VEXcode V5 Text\sdk/vexv5\libv5rt.a(vex_controller.cpp.obj)
                0x038013ac                vex::controller::value(_V5_ControllerIndex)
 .text._ZN3vex10controller6button8pressingEv
                0x038013b4       0xc8 C:\Program Files (x86)\VEX Robotics\VEXcode V5 Text\sdk/vexv5\libv5rt.a(vex_controller.cpp.obj)
                0x038013b4                vex::controller::button::pressing()
 .text._ZN3vex10controller6button7pressedEPFvvE
                0x0380147c      0x108 C:\Program Files (x86)\VEX Robotics\VEXcode V5 Text\sdk/vexv5\libv5rt.a(vex_controller.cpp.obj)
                0x0380147c                vex::controller::button::pressed(void (*)())
 .text._ZN3vex10controller6button21_buttonToPressedEventEv
                0x03801584       0x20 C:\Program Files (x86)\VEX Robotics\VEXcode V5 Text\sdk/vexv5\libv5rt.a(vex_controller.cpp.obj)
                0x03801584                vex::controller::button::_buttonToPressedEvent()
 .text._ZN3vex10controller6button22_buttonToReleasedEventEv
                0x038015a4       0x20 C:\Program Files (x86)\VEX Robotics\VEXcode V5 Text\sdk/vexv5\libv5rt.a(vex_controller.cpp.obj)
                0x038015a4                vex::controller::button::_buttonToReleasedEvent()
 .text._ZN3vex10controller6buttonC2ENS0_11tButtonTypeEPS0_
                0x038015c4       0x48 C:\Program Files (x86)\VEX Robotics\VEXcode V5 Text\sdk/vexv5\libv5rt.a(vex_controller.cpp.obj)
                0x038015c4                vex::controller::button::button(vex::controller::tButtonType, vex::controller*)
                0x038015c4                vex::controller::button::button(vex::controller::tButtonType, vex::controller*)
 .text._ZN3vex10controller4axis5valueEv
                0x0380160c       0x58 C:\Program Files (x86)\VEX Robotics\VEXcode V5 Text\sdk/vexv5\libv5rt.a(vex_controller.cpp.obj)
                0x0380160c                vex::controller::axis::value()
 .text._ZN3vex10controller4axis8positionENS_12percentUnitsE
                0x03801664       0x1c C:\Program Files (x86)\VEX Robotics\VEXcode V5 Text\sdk/vexv5\libv5rt.a(vex_controller.cpp.obj)
                0x03801664                vex::controller::axis::position(vex::percentUnits)
 .text._ZN3vex10controller4axis23_joystickToChangedEventEv
                0x03801680       0x20 C:\Program Files (x86)\VEX Robotics\VEXcode V5 Text\sdk/vexv5\libv5rt.a(vex_controller.cpp.obj)
                0x03801680                vex::controller::axis::_joystickToChangedEvent()
 .text._ZN3vex10controller4axisC2ENS0_9tAxisTypeEPS0_
                0x038016a0       0x2c C:\Program Files (x86)\VEX Robotics\VEXcode V5 Text\sdk/vexv5\libv5rt.a(vex_controller.cpp.obj)
                0x038016a0                vex::controller::axis::axis(vex::controller::tAxisType, vex::controller*)
                0x038016a0                vex::controller::axis::axis(vex::controller::tAxisType, vex::controller*)
 .text._ZN3vex10controllerC2ENS_14controllerTypeE
                0x038016cc      0x204 C:\Program Files (x86)\VEX Robotics\VEXcode V5 Text\sdk/vexv5\libv5rt.a(vex_controller.cpp.obj)
                0x038016cc                vex::controller::controller(vex::controllerType)
                0x038016cc                vex::controller::controller(vex::controllerType)
 .text._ZN3vex10controller3lcd15getControllerIdEv
                0x038018d0       0x10 C:\Program Files (x86)\VEX Robotics\VEXcode V5 Text\sdk/vexv5\libv5rt.a(vex_controller.cpp.obj)
                0x038018d0                vex::controller::lcd::getControllerId()
 .text._ZN3vex10controller3lcd9setCursorEll
                0x038018e0       0x40 C:\Program Files (x86)\VEX Robotics\VEXcode V5 Text\sdk/vexv5\libv5rt.a(vex_controller.cpp.obj)
                0x038018e0                vex::controller::lcd::setCursor(long, long)
 .text._ZN3vex10controller3lcd5printEPKcz
                0x03801920       0x74 C:\Program Files (x86)\VEX Robotics\VEXcode V5 Text\sdk/vexv5\libv5rt.a(vex_controller.cpp.obj)
                0x03801920                vex::controller::lcd::print(char const*, ...)
 .text._ZN3vex10controller3lcd9clearLineEi
                0x03801994       0x44 C:\Program Files (x86)\VEX Robotics\VEXcode V5 Text\sdk/vexv5\libv5rt.a(vex_controller.cpp.obj)
                0x03801994                vex::controller::lcd::clearLine(int)
 .text._ZN3vex11this_thread9sleep_forEm
                0x038019d8        0x4 C:\Program Files (x86)\VEX Robotics\VEXcode V5 Text\sdk/vexv5\libv5rt.a(vex_thread.cpp.obj)
                0x038019d8                vex::this_thread::sleep_for(unsigned long)
 .text._ZN3vex5event4initEmmPFvvE
                0x038019dc        0x4 C:\Program Files (x86)\VEX Robotics\VEXcode V5 Text\sdk/vexv5\libv5rt.a(vex_event.cpp.obj)
                0x038019dc                vex::event::init(unsigned long, unsigned long, void (*)())
 .text._ZN3vex5event4initEmmPFvPvES1_
                0x038019e0        0x4 C:\Program Files (x86)\VEX Robotics\VEXcode V5 Text\sdk/vexv5\libv5rt.a(vex_event.cpp.obj)
                0x038019e0                vex::event::init(unsigned long, unsigned long, void (*)(void*), void*)
 .text._ZN3vex5event9userindexEv
                0x038019e4        0x4 C:\Program Files (x86)\VEX Robotics\VEXcode V5 Text\sdk/vexv5\libv5rt.a(vex_event.cpp.obj)
                0x038019e4                vex::event::userindex()
 .text._ZZN3vex6meventC4EmmENUlvE_4_FUNEv
                0x038019e8        0x4 C:\Program Files (x86)\VEX Robotics\VEXcode V5 Text\sdk/vexv5\libv5rt.a(vex_mevent.cpp.obj)
 .text._ZN3vex6meventC2Emm
                0x038019ec       0x70 C:\Program Files (x86)\VEX Robotics\VEXcode V5 Text\sdk/vexv5\libv5rt.a(vex_mevent.cpp.obj)
                0x038019ec                vex::mevent::mevent(unsigned long, unsigned long)
                0x038019ec                vex::mevent::mevent(unsigned long, unsigned long)
 .text._ZN3vex5brainD2Ev
                0x03801a5c       0x20 C:\Program Files (x86)\VEX Robotics\VEXcode V5 Text\sdk/vexv5\libv5rt.a(vex_brain.cpp.obj)
                0x03801a5c                vex::brain::~brain()
                0x03801a5c                vex::brain::~brain()
 .text._ZN3vex5brain9_getIndexEv
                0x03801a7c       0x10 C:\Program Files (x86)\VEX Robotics\VEXcode V5 Text\sdk/vexv5\libv5rt.a(vex_brain.cpp.obj)
                0x03801a7c                vex::brain::_getIndex()
 .text._ZN3vex5brain3lcd9setCursorEll
                0x03801a8c       0x44 C:\Program Files (x86)\VEX Robotics\VEXcode V5 Text\sdk/vexv5\libv5rt.a(vex_brain.cpp.obj)
                0x03801a8c                vex::brain::lcd::setCursor(long, long)
 .text._ZN3vex5brain3lcd7setFontENS_8fontTypeE
                0x03801ad0      0x23c C:\Program Files (x86)\VEX Robotics\VEXcode V5 Text\sdk/vexv5\libv5rt.a(vex_brain.cpp.obj)
                0x03801ad0                vex::brain::lcd::setFont(vex::fontType)
 .text._ZN3vex5brain3lcdC2Ev
                0x03801d0c       0x94 C:\Program Files (x86)\VEX Robotics\VEXcode V5 Text\sdk/vexv5\libv5rt.a(vex_brain.cpp.obj)
                0x03801d0c                vex::brain::lcd::lcd()
                0x03801d0c                vex::brain::lcd::lcd()
 .text._ZN3vex5brainC2Ev
                0x03801da0       0x38 C:\Program Files (x86)\VEX Robotics\VEXcode V5 Text\sdk/vexv5\libv5rt.a(vex_brain.cpp.obj)
                0x03801da0                vex::brain::brain()
                0x03801da0                vex::brain::brain()
 .text._ZN3vex5brain3lcd7pressedEPFvvE
                0x03801dd8       0x1c C:\Program Files (x86)\VEX Robotics\VEXcode V5 Text\sdk/vexv5\libv5rt.a(vex_brain.cpp.obj)
                0x03801dd8                vex::brain::lcd::pressed(void (*)())
 .text._ZN3vex11competition8_disableEPv
                0x03801df4       0x9c C:\Program Files (x86)\VEX Robotics\VEXcode V5 Text\sdk/vexv5\libv5rt.a(vex_competition.cpp.obj)
                0x03801df4                vex::competition::_disable(void*)
 .text._ZN3vex11competition11_autonomousEv
                0x03801e90       0x7c C:\Program Files (x86)\VEX Robotics\VEXcode V5 Text\sdk/vexv5\libv5rt.a(vex_competition.cpp.obj)
                0x03801e90                vex::competition::_autonomous()
 .text._ZN3vex11competition14_drivercontrolEv
                0x03801f0c       0x7c C:\Program Files (x86)\VEX Robotics\VEXcode V5 Text\sdk/vexv5\libv5rt.a(vex_competition.cpp.obj)
                0x03801f0c                vex::competition::_drivercontrol()
 .text._ZN3vex11competitionC2Ev
                0x03801f88      0x13c C:\Program Files (x86)\VEX Robotics\VEXcode V5 Text\sdk/vexv5\libv5rt.a(vex_competition.cpp.obj)
                0x03801f88                vex::competition::competition()
                0x03801f88                vex::competition::competition()
 .text._ZN3vex11competitionD2Ev
                0x038020c4        0x4 C:\Program Files (x86)\VEX Robotics\VEXcode V5 Text\sdk/vexv5\libv5rt.a(vex_competition.cpp.obj)
                0x038020c4                vex::competition::~competition()
                0x038020c4                vex::competition::~competition()
 .text._ZN3vex11competition10autonomousEPFvvE
                0x038020c8       0x44 C:\Program Files (x86)\VEX Robotics\VEXcode V5 Text\sdk/vexv5\libv5rt.a(vex_competition.cpp.obj)
                0x038020c8                vex::competition::autonomous(void (*)())
 .text._ZN3vex11competition13drivercontrolEPFvvE
                0x0380210c       0x44 C:\Program Files (x86)\VEX Robotics\VEXcode V5 Text\sdk/vexv5\libv5rt.a(vex_competition.cpp.obj)
                0x0380210c                vex::competition::drivercontrol(void (*)())
 .text._ZN3vex7triport9installedEv
                0x03802150       0x18 C:\Program Files (x86)\VEX Robotics\VEXcode V5 Text\sdk/vexv5\libv5rt.a(vex_triport.cpp.obj)
                0x03802150                vex::triport::installed()
 .text._ZN3vex7triportD2Ev
                0x03802168       0x38 C:\Program Files (x86)\VEX Robotics\VEXcode V5 Text\sdk/vexv5\libv5rt.a(vex_triport.cpp.obj)
                0x03802168                vex::triport::~triport()
                0x03802168                vex::triport::~triport()
 .text._ZN3vex7triport4portC2ElPS0_
                0x038021a0       0x90 C:\Program Files (x86)\VEX Robotics\VEXcode V5 Text\sdk/vexv5\libv5rt.a(vex_triport.cpp.obj)
                0x038021a0                vex::triport::port::port(long, vex::triport*)
                0x038021a0                vex::triport::port::port(long, vex::triport*)
 .text._ZN3vex7triportC2El
                0x03802230       0xf0 C:\Program Files (x86)\VEX Robotics\VEXcode V5 Text\sdk/vexv5\libv5rt.a(vex_triport.cpp.obj)
                0x03802230                vex::triport::triport(long)
                0x03802230                vex::triport::triport(long)
 .text.startup._GLOBAL__sub_I__ZN3vex7triportC2El
                0x03802320       0x30 C:\Program Files (x86)\VEX Robotics\VEXcode V5 Text\sdk/vexv5\libv5rt.a(vex_triport.cpp.obj)
 .text._ZN3vex5colorD2Ev
                0x03802350        0x4 C:\Program Files (x86)\VEX Robotics\VEXcode V5 Text\sdk/vexv5\libv5rt.a(vex_color.cpp.obj)
                0x03802350                vex::color::~color()
                0x03802350                vex::color::~color()
 .text.startup._GLOBAL__sub_I__ZN3vex5color5blackE
                0x03802354      0x164 C:\Program Files (x86)\VEX Robotics\VEXcode V5 Text\sdk/vexv5\libv5rt.a(vex_color.cpp.obj)
 .text._ZN3vex5timerD2Ev
                0x038024b8        0x4 C:\Program Files (x86)\VEX Robotics\VEXcode V5 Text\sdk/vexv5\libv5rt.a(vex_timer.cpp.obj)
                0x038024b8                vex::timer::~timer()
                0x038024b8                vex::timer::~timer()
 .text._ZN3vex5timer5clearEv
                0x038024bc       0x1c C:\Program Files (x86)\VEX Robotics\VEXcode V5 Text\sdk/vexv5\libv5rt.a(vex_timer.cpp.obj)
                0x038024bc                vex::timer::clear()
 .text._ZN3vex5timerC2Ev
                0x038024d8       0x14 C:\Program Files (x86)\VEX Robotics\VEXcode V5 Text\sdk/vexv5\libv5rt.a(vex_timer.cpp.obj)
                0x038024d8                vex::timer::timer()
                0x038024d8                vex::timer::timer()
 .text.vexAdiPortConfigSet
                0x038024ec       0x28 C:\Program Files (x86)\VEX Robotics\VEXcode V5 Text\sdk/vexv5\libv5rt.a(v5_apiuser.c.obj)
                0x038024ec                vexAdiPortConfigSet
 .text.vexMotorVelocitySet
                0x03802514       0x20 C:\Program Files (x86)\VEX Robotics\VEXcode V5 Text\sdk/vexv5\libv5rt.a(v5_apiuser.c.obj)
                0x03802514                vexMotorVelocitySet
 .text.vexMotorActualVelocityGet
                0x03802534       0x24 C:\Program Files (x86)\VEX Robotics\VEXcode V5 Text\sdk/vexv5\libv5rt.a(v5_apiuser.c.obj)
                0x03802534                vexMotorActualVelocityGet
 .text.vexMotorZeroPositionFlagGet
                0x03802558       0x18 C:\Program Files (x86)\VEX Robotics\VEXcode V5 Text\sdk/vexv5\libv5rt.a(v5_apiuser.c.obj)
                0x03802558                vexMotorZeroPositionFlagGet
 .text.vexMotorReverseFlagSet
                0x03802570       0x20 C:\Program Files (x86)\VEX Robotics\VEXcode V5 Text\sdk/vexv5\libv5rt.a(v5_apiuser.c.obj)
                0x03802570                vexMotorReverseFlagSet
 .text.vexMotorEncoderUnitsSet
                0x03802590       0x20 C:\Program Files (x86)\VEX Robotics\VEXcode V5 Text\sdk/vexv5\libv5rt.a(v5_apiuser.c.obj)
                0x03802590                vexMotorEncoderUnitsSet
 .text.vexMotorBrakeModeSet
                0x038025b0       0x20 C:\Program Files (x86)\VEX Robotics\VEXcode V5 Text\sdk/vexv5\libv5rt.a(v5_apiuser.c.obj)
                0x038025b0                vexMotorBrakeModeSet
 .text.vexMotorPositionSet
                0x038025d0       0x28 C:\Program Files (x86)\VEX Robotics\VEXcode V5 Text\sdk/vexv5\libv5rt.a(v5_apiuser.c.obj)
                0x038025d0                vexMotorPositionSet
 .text.vexMotorRelativeTargetSet
                0x038025f8       0x30 C:\Program Files (x86)\VEX Robotics\VEXcode V5 Text\sdk/vexv5\libv5rt.a(v5_apiuser.c.obj)
                0x038025f8                vexMotorRelativeTargetSet
 .text.vexMotorGearingSet
                0x03802628       0x20 C:\Program Files (x86)\VEX Robotics\VEXcode V5 Text\sdk/vexv5\libv5rt.a(v5_apiuser.c.obj)
                0x03802628                vexMotorGearingSet
 .text.vexMotorGearingGet
                0x03802648       0x18 C:\Program Files (x86)\VEX Robotics\VEXcode V5 Text\sdk/vexv5\libv5rt.a(v5_apiuser.c.obj)
                0x03802648                vexMotorGearingGet
 .text.vexEventMaskSet
                0x03802660       0x28 C:\Program Files (x86)\VEX Robotics\VEXcode V5 Text\sdk/vexv5\libv5rt.a(v5_apiuser.c.obj)
                0x03802660                vexEventMaskSet
 .text.vexEventMaskGet
                0x03802688       0x18 C:\Program Files (x86)\VEX Robotics\VEXcode V5 Text\sdk/vexv5\libv5rt.a(v5_apiuser.c.obj)
                0x03802688                vexEventMaskGet
 .text._ZN3vex6device5valueEv
                0x038026a0        0x8 C:\Program Files (x86)\VEX Robotics\VEXcode V5 Text\sdk/vexv5\libv5rt.a(vex_device.cpp.obj)
                0x038026a0                vex::device::value()
 .text._ZN3vex6deviceD2Ev
                0x038026a8        0x4 C:\Program Files (x86)\VEX Robotics\VEXcode V5 Text\sdk/vexv5\libv5rt.a(vex_device.cpp.obj)
                0x038026a8                vex::device::~device()
                0x038026a8                vex::device::~device()
 .text._ZN3vex6device4initEl
                0x038026ac       0x30 C:\Program Files (x86)\VEX Robotics\VEXcode V5 Text\sdk/vexv5\libv5rt.a(vex_device.cpp.obj)
                0x038026ac                vex::device::init(long)
 .text._ZN3vex6deviceC2El
                0x038026dc       0x20 C:\Program Files (x86)\VEX Robotics\VEXcode V5 Text\sdk/vexv5\libv5rt.a(vex_device.cpp.obj)
                0x038026dc                vex::device::device(long)
                0x038026dc                vex::device::device(long)
 .text._ZN3vex6device4typeEv
                0x038026fc       0x10 C:\Program Files (x86)\VEX Robotics\VEXcode V5 Text\sdk/vexv5\libv5rt.a(vex_device.cpp.obj)
                0x038026fc                vex::device::type()
 .text._ZN3vex6device9installedEv
                0x0380270c       0x14 C:\Program Files (x86)\VEX Robotics\VEXcode V5 Text\sdk/vexv5\libv5rt.a(vex_device.cpp.obj)
                0x0380270c                vex::device::installed()
 .text._ZN3vex4taskC2EPFivE
                0x03802720       0x54 C:\Program Files (x86)\VEX Robotics\VEXcode V5 Text\sdk/vexv5\libv5rt.a(vex_task.cpp.obj)
                0x03802720                vex::task::task(int (*)())
                0x03802720                vex::task::task(int (*)())
 .text._ZN3vex4taskD2Ev
                0x03802774        0x4 C:\Program Files (x86)\VEX Robotics\VEXcode V5 Text\sdk/vexv5\libv5rt.a(vex_task.cpp.obj)
                0x03802774                vex::task::~task()
                0x03802774                vex::task::~task()
 .text._ZN3vex4task4stopEPFivE
                0x03802778        0xc C:\Program Files (x86)\VEX Robotics\VEXcode V5 Text\sdk/vexv5\libv5rt.a(vex_task.cpp.obj)
                0x03802778                vex::task::stop(int (*)())
 .text._ZN3vex4task6_indexEPFivE
                0x03802784       0x14 C:\Program Files (x86)\VEX Robotics\VEXcode V5 Text\sdk/vexv5\libv5rt.a(vex_task.cpp.obj)
                0x03802784                vex::task::_index(int (*)())
 .text._ZN3vex4task8_stopAllEv
                0x03802798       0x3c C:\Program Files (x86)\VEX Robotics\VEXcode V5 Text\sdk/vexv5\libv5rt.a(vex_task.cpp.obj)
                0x03802798                vex::task::_stopAll()
 .text.__aeabi_memcpy
                0x038027d4        0x4 C:\Program Files (x86)\VEX Robotics\VEXcode V5 Text\sdk/vexv5/gcc/libs\libc.a(lib_a-aeabi_memcpy.o)
                0x038027d4                __aeabi_memcpy
                0x038027d4                __aeabi_memcpy8
                0x038027d4                __aeabi_memcpy4
 .text.__libc_fini_array
                0x038027d8       0x30 C:\Program Files (x86)\VEX Robotics\VEXcode V5 Text\sdk/vexv5/gcc/libs\libc.a(lib_a-fini.o)
                0x038027d8                __libc_fini_array
 .text.__libc_init_array
                0x03802808       0x58 C:\Program Files (x86)\VEX Robotics\VEXcode V5 Text\sdk/vexv5/gcc/libs\libc.a(lib_a-init.o)
                0x03802808                __libc_init_array
 .text.memcpy   0x03802860       0xa8 C:\Program Files (x86)\VEX Robotics\VEXcode V5 Text\sdk/vexv5/gcc/libs\libc.a(lib_a-memcpy.o)
                0x03802860                memcpy
 .text.memcpy.__stub
                0x03802908       0x18 linker stubs
 *(.gnu.linkonce.t.*)
 *(.plt)
 *(.gnu_warning)
 *(.gcc_except_table)
 *(.glue_7)
 .glue_7        0x00000000        0x0 linker stubs
 *(.glue_7t)
 .glue_7t       0x00000000        0x0 linker stubs
 *(.vfp11_veneer)
 .vfp11_veneer  0x00000000        0x0 linker stubs
 *(.ARM.extab)
 *(.gnu.linkonce.armextab.*)

.v4_bx          0x03802920        0x0
 .v4_bx         0x00000000        0x0 linker stubs

.iplt           0x03802920        0x0
 .iplt          0x00000000        0x0 build/src/main.o

.init
 *(.init)

.fini
 *(.fini)

.rodata         0x03802920       0xf0
                0x03802920                __rodata_start = .
 *(.rodata)
 *(.rodata.*)
 .rodata.str1.1
                0x03802920        0x8 build/src/AutonSupport.o
 .rodata.str1.1
                0x03802928       0x2e C:\Program Files (x86)\VEX Robotics\VEXcode V5 Text\sdk/vexv5\libv5rt.a(v5_startup.c.obj)
 *fill*         0x03802956        0x2 
 .rodata._ZN3vex5PORT3E
                0x03802958        0x4 C:\Program Files (x86)\VEX Robotics\VEXcode V5 Text\sdk/vexv5\libv5rt.a(vex_global.cpp.obj)
                0x03802958                vex::PORT3
 .rodata._ZN3vex5PORT1E
                0x0380295c        0x4 C:\Program Files (x86)\VEX Robotics\VEXcode V5 Text\sdk/vexv5\libv5rt.a(vex_global.cpp.obj)
                0x0380295c                vex::PORT1
 .rodata._ZN3vex5PORT2E
                0x03802960        0x4 C:\Program Files (x86)\VEX Robotics\VEXcode V5 Text\sdk/vexv5\libv5rt.a(vex_global.cpp.obj)
                0x03802960                vex::PORT2
 .rodata._ZN3vex6PORT22E
                0x03802964        0x4 C:\Program Files (x86)\VEX Robotics\VEXcode V5 Text\sdk/vexv5\libv5rt.a(vex_global.cpp.obj)
                0x03802964                vex::PORT22
 .rodata._ZN3vex5PORT4E
                0x03802968        0x4 C:\Program Files (x86)\VEX Robotics\VEXcode V5 Text\sdk/vexv5\libv5rt.a(vex_global.cpp.obj)
                0x03802968                vex::PORT4
 .rodata._ZN3vex6PORT17E
                0x0380296c        0x4 C:\Program Files (x86)\VEX Robotics\VEXcode V5 Text\sdk/vexv5\libv5rt.a(vex_global.cpp.obj)
                0x0380296c                vex::PORT17
 .rodata._ZTVN3vex5motorE
                0x03802970       0x10 C:\Program Files (x86)\VEX Robotics\VEXcode V5 Text\sdk/vexv5\libv5rt.a(vex_motor.cpp.obj)
                0x03802970                vtable for vex::motor
 .rodata.str1.1
                0x03802980       0x15 C:\Program Files (x86)\VEX Robotics\VEXcode V5 Text\sdk/vexv5\libv5rt.a(vex_controller.cpp.obj)
                                 0x16 (size before relaxing)
 .rodata.CSWTCH.15
                0x03802995        0xb C:\Program Files (x86)\VEX Robotics\VEXcode V5 Text\sdk/vexv5\libv5rt.a(vex_controller.cpp.obj)
 .rodata.CSWTCH.17
                0x038029a0        0xb C:\Program Files (x86)\VEX Robotics\VEXcode V5 Text\sdk/vexv5\libv5rt.a(vex_controller.cpp.obj)
 .rodata.CSWTCH.23
                0x038029ab        0x3 C:\Program Files (x86)\VEX Robotics\VEXcode V5 Text\sdk/vexv5\libv5rt.a(vex_controller.cpp.obj)
 .rodata.str1.1
                0x038029ae       0x2b C:\Program Files (x86)\VEX Robotics\VEXcode V5 Text\sdk/vexv5\libv5rt.a(vex_brain.cpp.obj)
 *fill*         0x038029d9        0x7 
 .rodata._ZTVN3vex7triportE
                0x038029e0       0x10 C:\Program Files (x86)\VEX Robotics\VEXcode V5 Text\sdk/vexv5\libv5rt.a(vex_triport.cpp.obj)
                0x038029e0                vtable for vex::triport
 .rodata._ZTVN3vex6deviceE
                0x038029f0       0x10 C:\Program Files (x86)\VEX Robotics\VEXcode V5 Text\sdk/vexv5\libv5rt.a(vex_device.cpp.obj)
                0x038029f0                vtable for vex::device
 .rodata.str1.1
                0x03802a00        0xa C:\Program Files (x86)\VEX Robotics\VEXcode V5 Text\sdk/vexv5\libv5rt.a(vex_task.cpp.obj)
 *fill*         0x03802a0a        0x2 
 .rodata.str1.4
                0x03802a0c        0x4 C:\Program Files (x86)\VEX Robotics\VEXcode V5 Text\sdk/vexv5/gcc/libs\libc.a(lib_a-impure.o)
                                  0x2 (size before relaxing)
 *(.gnu.linkonce.r.*)
                0x03802a10                __rodata_end = .

.rodata1        0x03802a10        0x0
                0x03802a10                __rodata1_start = .
 *(.rodata1)
 *(.rodata1.*)
                0x03802a10                __rodata1_end = .

.sdata2         0x03802a10        0x0
                0x03802a10                __sdata2_start = .
 *(.sdata2)
 *(.sdata2.*)
 *(.gnu.linkonce.s2.*)
                0x03802a10                __sdata2_end = .

.sbss2          0x03802a10        0x0
                0x03802a10                __sbss2_start = .
 *(.sbss2)
 *(.sbss2.*)
 *(.gnu.linkonce.sb2.*)
                0x03802a10                __sbss2_end = .

.data           0x03802a10      0x44c
                0x03802a10                __data_start = .
 *(.data)
 *(.data.*)
 .data.state_name
                0x03802a10        0x5 build/src/AutonSupport.o
                0x03802a10                state_name
 *fill*         0x03802a15        0x3 
 .data.appRunning
                0x03802a18        0x4 C:\Program Files (x86)\VEX Robotics\VEXcode V5 Text\sdk/vexv5\libv5rt.a(v5_startup.c.obj)
                0x03802a18                appRunning
 .data._ZN3vex9ratio18_1E
                0x03802a1c        0x4 C:\Program Files (x86)\VEX Robotics\VEXcode V5 Text\sdk/vexv5\libv5rt.a(vex_global.cpp.obj)
                0x03802a1c                vex::ratio18_1
 .data._ZN3vex5turnsE
                0x03802a20        0x4 C:\Program Files (x86)\VEX Robotics\VEXcode V5 Text\sdk/vexv5\libv5rt.a(vex_global.cpp.obj)
                0x03802a20                vex::turns
 .data._ZN3vex4msecE
                0x03802a24        0x4 C:\Program Files (x86)\VEX Robotics\VEXcode V5 Text\sdk/vexv5\libv5rt.a(vex_global.cpp.obj)
                0x03802a24                vex::msec
 .data._ZN3vex7reverseE
                0x03802a28        0x4 C:\Program Files (x86)\VEX Robotics\VEXcode V5 Text\sdk/vexv5\libv5rt.a(vex_global.cpp.obj)
                0x03802a28                vex::reverse
 .data._ZN3vex24__default_motor_velocityE
                0x03802a2c        0x4 C:\Program Files (x86)\VEX Robotics\VEXcode V5 Text\sdk/vexv5\libv5rt.a(vex_motor.cpp.obj)
                0x03802a2c                vex::__default_motor_velocity
 .data.impure_data
                0x03802a30      0x428 C:\Program Files (x86)\VEX Robotics\VEXcode V5 Text\sdk/vexv5/gcc/libs\libc.a(lib_a-impure.o)
 .data._impure_ptr
                0x03802e58        0x4 C:\Program Files (x86)\VEX Robotics\VEXcode V5 Text\sdk/vexv5/gcc/libs\libc.a(lib_a-impure.o)
                0x03802e58                _impure_ptr
 *(.gnu.linkonce.d.*)
 *(.jcr)
 *(.got)
 *(.got.plt)
                0x03802e5c                __data_end = .

.igot.plt       0x03802e5c        0x0
 .igot.plt      0x00000000        0x0 build/src/main.o

.data1          0x03802e5c        0x0
                0x03802e5c                __data1_start = .
 *(.data1)
 *(.data1.*)
                0x03802e5c                __data1_end = .

.got
 *(.got)

.ctors          0x03802e5c        0x0
                0x03802e5c                __CTOR_LIST__ = .
                0x03802e5c                ___CTORS_LIST___ = .
 *crtbegin.o(.ctors)
 *(EXCLUDE_FILE(*crtend.o) .ctors)
 *(SORT(.ctors.*))
 *(.ctors)
                0x03802e5c                __CTOR_END__ = .
                0x03802e5c                ___CTORS_END___ = .

.dtors          0x03802e5c        0x0
                0x03802e5c                __DTOR_LIST__ = .
                0x03802e5c                ___DTORS_LIST___ = .
 *crtbegin.o(.dtors)
 *(EXCLUDE_FILE(*crtend.o) .dtors)
 *(SORT(.dtors.*))
 *(.dtors)
                0x03802e5c                __DTOR_END__ = .
                0x03802e5c                ___DTORS_END___ = .

.fixup          0x03802e5c        0x0
                0x03802e5c                __fixup_start = .
 *(.fixup)
                0x03802e5c                __fixup_end = .

.eh_frame
 *(.eh_frame)

.eh_framehdr    0x03802e5c        0x0
                0x03802e5c                __eh_framehdr_start = .
 *(.eh_framehdr)
                0x03802e5c                __eh_framehdr_end = .

.gcc_except_table
 *(.gcc_except_table)

.mmu_tbl        0x03804000        0x0
                0x03804000                __mmu_tbl_start = .
 *(.mmu_tbl)
                0x03804000                __mmu_tbl_end = .

.ARM.exidx      0x03802e5c        0x8
                0x03802e5c                __exidx_start = .
 *(.ARM.exidx*)
 .ARM.exidx.text._Z9pre_autonv
                0x03802e5c        0x8 build/src/main.o
 .ARM.exidx.text._Z10autonomousv
                0x03802e64        0x0 build/src/main.o
                                  0x8 (size before relaxing)
 .ARM.exidx.text._Z11usercontrolv
                0x03802e64        0x0 build/src/main.o
                                  0x8 (size before relaxing)
 .ARM.exidx.text.main
                0x03802e64        0x0 build/src/main.o
                                  0x8 (size before relaxing)
 .ARM.exidx.text._GLOBAL__sub_I_main.cpp
                0x03802e64        0x0 build/src/main.o
                                  0x8 (size before relaxing)
 .ARM.exidx.text._Z6Auton1v
                0x03802e64        0x0 build/src/Autons.o
                                  0x8 (size before relaxing)
 .ARM.exidx.text._Z12Paint_Screenv
                0x03802e64        0x0 build/src/AutonSupport.o
                                  0x8 (size before relaxing)
 .ARM.exidx.text._Z12cycle_autonsv
                0x03802e64        0x0 build/src/AutonSupport.o
                                  0x8 (size before relaxing)
 .ARM.exidx.text._Z11vexcodeInitv
                0x03802e64        0x0 build/src/robot-config.o
                                  0x8 (size before relaxing)
 .ARM.exidx.text._GLOBAL__sub_I_robot_config.cpp
                0x03802e64        0x0 build/src/robot-config.o
                                  0x8 (size before relaxing)
 .ARM.exidx.text._GLOBAL__sub_I_DriveFunctions.cpp
                0x03802e64        0x0 build/src/DriveFunctions.o
                                  0x8 (size before relaxing)
 *(.gnu.linkonce.armexidix.*.*)
                0x03802e64                __exidx_end = .

.rel.dyn        0x03802e64        0x0
 .rel.iplt      0x00000000        0x0 build/src/main.o

.preinit_array  0x03802e64        0x0
                0x03802e64                __preinit_array_start = .
 *(SORT(.preinit_array.*))
 *(.preinit_array)
                0x03802e64                __preinit_array_end = .

.init_array     0x03802e64       0x14
                0x03802e64                __init_array_start = .
 *(SORT(.init_array.*))
 *(.init_array)
 .init_array    0x03802e64        0x4 build/src/main.o
 .init_array    0x03802e68        0x4 build/src/robot-config.o
 .init_array    0x03802e6c        0x4 build/src/DriveFunctions.o
 .init_array    0x03802e70        0x4 C:\Program Files (x86)\VEX Robotics\VEXcode V5 Text\sdk/vexv5\libv5rt.a(vex_triport.cpp.obj)
 .init_array    0x03802e74        0x4 C:\Program Files (x86)\VEX Robotics\VEXcode V5 Text\sdk/vexv5\libv5rt.a(vex_color.cpp.obj)
                0x03802e78                __init_array_end = .

.fini_array     0x03802e78        0x0
                0x03802e78                __fini_array_start = .
 *(SORT(.fini_array.*))
 *(.fini_array)
                0x03802e78                __fini_array_end = .

.ARM.attributes
                0x03802e78       0x3c
                0x03802e78                __ARM.attributes_start = .
 *(.ARM.attributes)
 .ARM.attributes
                0x03802e78       0x3a build/src/main.o
 .ARM.attributes
                0x03802eb2       0x3a build/src/Autons.o
 .ARM.attributes
                0x03802eec       0x3a build/src/AutonSupport.o
 .ARM.attributes
                0x03802f26       0x3a build/src/robot-config.o
 .ARM.attributes
                0x03802f60       0x3a build/src/DriveFunctions.o
 .ARM.attributes
                0x03802f9a       0x35 C:\Program Files (x86)\VEX Robotics\VEXcode V5 Text\sdk/vexv5\libv5rt.a(v5_startup.c.obj)
 .ARM.attributes
                0x03802fcf       0x35 C:\Program Files (x86)\VEX Robotics\VEXcode V5 Text\sdk/vexv5\libv5rt.a(v5_util.c.obj)
 .ARM.attributes
                0x03803004       0x35 C:\Program Files (x86)\VEX Robotics\VEXcode V5 Text\sdk/vexv5\libv5rt.a(v5_apijump.c.obj)
 .ARM.attributes
                0x03803039       0x35 C:\Program Files (x86)\VEX Robotics\VEXcode V5 Text\sdk/vexv5\libv5rt.a(v5_apiversions.c.obj)
 .ARM.attributes
                0x0380306e       0x35 C:\Program Files (x86)\VEX Robotics\VEXcode V5 Text\sdk/vexv5\libv5rt.a(vex_global.cpp.obj)
 .ARM.attributes
                0x038030a3       0x35 C:\Program Files (x86)\VEX Robotics\VEXcode V5 Text\sdk/vexv5\libv5rt.a(vex_motor.cpp.obj)
 .ARM.attributes
                0x038030d8       0x35 C:\Program Files (x86)\VEX Robotics\VEXcode V5 Text\sdk/vexv5\libv5rt.a(vex_controller.cpp.obj)
 .ARM.attributes
                0x0380310d       0x35 C:\Program Files (x86)\VEX Robotics\VEXcode V5 Text\sdk/vexv5\libv5rt.a(vex_thread.cpp.obj)
 .ARM.attributes
                0x03803142       0x35 C:\Program Files (x86)\VEX Robotics\VEXcode V5 Text\sdk/vexv5\libv5rt.a(vex_event.cpp.obj)
 .ARM.attributes
                0x03803177       0x35 C:\Program Files (x86)\VEX Robotics\VEXcode V5 Text\sdk/vexv5\libv5rt.a(vex_mevent.cpp.obj)
 .ARM.attributes
                0x038031ac       0x35 C:\Program Files (x86)\VEX Robotics\VEXcode V5 Text\sdk/vexv5\libv5rt.a(vex_brain.cpp.obj)
 .ARM.attributes
                0x038031e1       0x35 C:\Program Files (x86)\VEX Robotics\VEXcode V5 Text\sdk/vexv5\libv5rt.a(vex_competition.cpp.obj)
 .ARM.attributes
                0x03803216       0x35 C:\Program Files (x86)\VEX Robotics\VEXcode V5 Text\sdk/vexv5\libv5rt.a(vex_triport.cpp.obj)
 .ARM.attributes
                0x0380324b       0x35 C:\Program Files (x86)\VEX Robotics\VEXcode V5 Text\sdk/vexv5\libv5rt.a(vex_color.cpp.obj)
 .ARM.attributes
                0x03803280       0x35 C:\Program Files (x86)\VEX Robotics\VEXcode V5 Text\sdk/vexv5\libv5rt.a(vex_timer.cpp.obj)
 .ARM.attributes
                0x038032b5       0x35 C:\Program Files (x86)\VEX Robotics\VEXcode V5 Text\sdk/vexv5\libv5rt.a(v5_apiuser.c.obj)
 .ARM.attributes
                0x038032ea       0x35 C:\Program Files (x86)\VEX Robotics\VEXcode V5 Text\sdk/vexv5\libv5rt.a(vex_device.cpp.obj)
 .ARM.attributes
                0x0380331f       0x35 C:\Program Files (x86)\VEX Robotics\VEXcode V5 Text\sdk/vexv5\libv5rt.a(vex_task.cpp.obj)
 .ARM.attributes
                0x03803354       0x2b C:\Program Files (x86)\VEX Robotics\VEXcode V5 Text\sdk/vexv5/gcc/libs\libc.a(lib_a-aeabi_memcpy.o)
 .ARM.attributes
                0x0380337f       0x2b C:\Program Files (x86)\VEX Robotics\VEXcode V5 Text\sdk/vexv5/gcc/libs\libc.a(lib_a-fini.o)
 .ARM.attributes
                0x038033aa       0x2b C:\Program Files (x86)\VEX Robotics\VEXcode V5 Text\sdk/vexv5/gcc/libs\libc.a(lib_a-impure.o)
 .ARM.attributes
                0x038033d5       0x2b C:\Program Files (x86)\VEX Robotics\VEXcode V5 Text\sdk/vexv5/gcc/libs\libc.a(lib_a-init.o)
 .ARM.attributes
                0x03803400       0x2b C:\Program Files (x86)\VEX Robotics\VEXcode V5 Text\sdk/vexv5/gcc/libs\libc.a(lib_a-memcpy.o)
                0x0380342b                __ARM.attributes_end = .

.sdata          0x03802e78        0x0
                0x03802e78                __sdata_start = .
 *(.sdata)
 *(.sdata.*)
 *(.gnu.linkonce.s.*)
                0x03802e78                __sdata_end = .

.sbss           0x03802e78        0x0
                0x03802e78                __sbss_start = .
 *(.sbss)
 *(.sbss.*)
 *(.gnu.linkonce.sb.*)
                0x03802e78                __sbss_end = .

.tdata          0x03802e78        0x0
                0x03802e78                __tdata_start = .
 *(.tdata)
 *(.tdata.*)
 *(.gnu.linkonce.td.*)
                0x03802e78                __tdata_end = .

.tbss           0x03802e78        0x0
                0x03802e78                __tbss_start = .
 *(.tbss)
 *(.tbss.*)
 *(.gnu.linkonce.tb.*)
                0x03802e78                __tbss_end = .

.bss            0x03802e78      0x658
                0x03802e78                __bss_start = .
 *(.bss)
 *(.bss.*)
 .bss.Competition
                0x03802e78       0x28 build/src/main.o
                0x03802e78                Competition
 .bss.state     0x03802ea0        0x4 build/src/AutonSupport.o
                0x03802ea0                state
 .bss.Brain     0x03802ea4      0x2dc build/src/robot-config.o
                0x03802ea4                Brain
 .bss.Controller1
                0x03803180      0x1e0 build/src/robot-config.o
                0x03803180                Controller1
 .bss.ClawMotor
                0x03803360       0x24 build/src/robot-config.o
                0x03803360                ClawMotor
 .bss.Tester1   0x03803384       0x24 build/src/robot-config.o
                0x03803384                Tester1
 .bss.FrontLeft
                0x038033a8       0x24 build/src/DriveFunctions.o
                0x038033a8                FrontLeft
 .bss.RearLeft  0x038033cc       0x24 build/src/DriveFunctions.o
                0x038033cc                RearLeft
 .bss.FrontRight
                0x038033f0       0x24 build/src/DriveFunctions.o
                0x038033f0                FrontRight
 .bss.RearRight
                0x03803414       0x24 build/src/DriveFunctions.o
                0x03803414                RearRight
 .bss.__dso_handle
                0x03803438        0x4 C:\Program Files (x86)\VEX Robotics\VEXcode V5 Text\sdk/vexv5\libv5rt.a(v5_startup.c.obj)
                0x03803438                __dso_handle
 .bss.lastTime.8314
                0x0380343c        0x4 C:\Program Files (x86)\VEX Robotics\VEXcode V5 Text\sdk/vexv5\libv5rt.a(v5_apijump.c.obj)
 .bss._ZN3vex7primaryE
                0x03803440        0x4 C:\Program Files (x86)\VEX Robotics\VEXcode V5 Text\sdk/vexv5\libv5rt.a(vex_global.cpp.obj)
                0x03803440                vex::primary
 .bss._ZN3vex7forwardE
                0x03803444        0x4 C:\Program Files (x86)\VEX Robotics\VEXcode V5 Text\sdk/vexv5\libv5rt.a(vex_global.cpp.obj)
                0x03803444                vex::forward
 .bss._ZN3vex7percentE
                0x03803448        0x4 C:\Program Files (x86)\VEX Robotics\VEXcode V5 Text\sdk/vexv5\libv5rt.a(vex_global.cpp.obj)
                0x03803448                vex::percent
 .bss._ZN3vex9ratio36_1E
                0x0380344c        0x4 C:\Program Files (x86)\VEX Robotics\VEXcode V5 Text\sdk/vexv5\libv5rt.a(vex_global.cpp.obj)
                0x0380344c                vex::ratio36_1
 .bss._ZN3vex3pctE
                0x03803450        0x4 C:\Program Files (x86)\VEX Robotics\VEXcode V5 Text\sdk/vexv5\libv5rt.a(vex_global.cpp.obj)
                0x03803450                vex::pct
 .bss._ZN3vex11competition22bStopTasksBetweenModesE
                0x03803454        0x1 C:\Program Files (x86)\VEX Robotics\VEXcode V5 Text\sdk/vexv5\libv5rt.a(vex_competition.cpp.obj)
                0x03803454                vex::competition::bStopTasksBetweenModes
 .bss._ZN3vex11competition25bStopAllTasksBetweenModesE
                0x03803455        0x1 C:\Program Files (x86)\VEX Robotics\VEXcode V5 Text\sdk/vexv5\libv5rt.a(vex_competition.cpp.obj)
                0x03803455                vex::competition::bStopAllTasksBetweenModes
 .bss._ZN3vex11competition14_auton_pendingE
                0x03803456        0x1 C:\Program Files (x86)\VEX Robotics\VEXcode V5 Text\sdk/vexv5\libv5rt.a(vex_competition.cpp.obj)
                0x03803456                vex::competition::_auton_pending
 *fill*         0x03803457        0x1 
 .bss._ZN3vex11competition20_autonomous_callbackE
                0x03803458        0x4 C:\Program Files (x86)\VEX Robotics\VEXcode V5 Text\sdk/vexv5\libv5rt.a(vex_competition.cpp.obj)
                0x03803458                vex::competition::_autonomous_callback
 .bss._ZN3vex11competition23_drivercontrol_callbackE
                0x0380345c        0x4 C:\Program Files (x86)\VEX Robotics\VEXcode V5 Text\sdk/vexv5\libv5rt.a(vex_competition.cpp.obj)
                0x0380345c                vex::competition::_drivercontrol_callback
 .bss._ZN3vex11competition15_driver_pendingE
                0x03803460        0x1 C:\Program Files (x86)\VEX Robotics\VEXcode V5 Text\sdk/vexv5\libv5rt.a(vex_competition.cpp.obj)
                0x03803460                vex::competition::_driver_pending
 .bss._ZStL8__ioinit
                0x03803461        0x1 C:\Program Files (x86)\VEX Robotics\VEXcode V5 Text\sdk/vexv5\libv5rt.a(vex_triport.cpp.obj)
 *fill*         0x03803462        0x2 
 .bss._ZN3vex5color6orangeE
                0x03803464        0x8 C:\Program Files (x86)\VEX Robotics\VEXcode V5 Text\sdk/vexv5\libv5rt.a(vex_color.cpp.obj)
                0x03803464                vex::color::orange
 .bss._ZN3vex5color5blackE
                0x0380346c        0x8 C:\Program Files (x86)\VEX Robotics\VEXcode V5 Text\sdk/vexv5\libv5rt.a(vex_color.cpp.obj)
                0x0380346c                vex::color::black
 .bss._ZN3vex5color6yellowE
                0x03803474        0x8 C:\Program Files (x86)\VEX Robotics\VEXcode V5 Text\sdk/vexv5\libv5rt.a(vex_color.cpp.obj)
                0x03803474                vex::color::yellow
 .bss._ZN3vex5color5greenE
                0x0380347c        0x8 C:\Program Files (x86)\VEX Robotics\VEXcode V5 Text\sdk/vexv5\libv5rt.a(vex_color.cpp.obj)
                0x0380347c                vex::color::green
 .bss._ZN3vex5color6purpleE
                0x03803484        0x8 C:\Program Files (x86)\VEX Robotics\VEXcode V5 Text\sdk/vexv5\libv5rt.a(vex_color.cpp.obj)
                0x03803484                vex::color::purple
 .bss._ZN3vex5color4cyanE
                0x0380348c        0x8 C:\Program Files (x86)\VEX Robotics\VEXcode V5 Text\sdk/vexv5\libv5rt.a(vex_color.cpp.obj)
                0x0380348c                vex::color::cyan
 .bss._ZN3vex5color4blueE
                0x03803494        0x8 C:\Program Files (x86)\VEX Robotics\VEXcode V5 Text\sdk/vexv5\libv5rt.a(vex_color.cpp.obj)
                0x03803494                vex::color::blue
 .bss._ZN3vex5color3redE
                0x0380349c        0x8 C:\Program Files (x86)\VEX Robotics\VEXcode V5 Text\sdk/vexv5\libv5rt.a(vex_color.cpp.obj)
                0x0380349c                vex::color::red
 .bss._ZN3vex5color11transparentE
                0x038034a4        0x8 C:\Program Files (x86)\VEX Robotics\VEXcode V5 Text\sdk/vexv5\libv5rt.a(vex_color.cpp.obj)
                0x038034a4                vex::color::transparent
 .bss._ZN3vex5color5whiteE
                0x038034ac        0x8 C:\Program Files (x86)\VEX Robotics\VEXcode V5 Text\sdk/vexv5\libv5rt.a(vex_color.cpp.obj)
                0x038034ac                vex::color::white
 .bss._ZN3vex4task8_labelIdE
                0x038034b4        0x4 C:\Program Files (x86)\VEX Robotics\VEXcode V5 Text\sdk/vexv5\libv5rt.a(vex_task.cpp.obj)
                0x038034b4                vex::task::_labelId
 *(.gnu.linkonce.b.*)
 *(COMMON)
 COMMON         0x038034b8       0x18 C:\Program Files (x86)\VEX Robotics\VEXcode V5 Text\sdk/vexv5\libv5rt.a(v5_startup.c.obj)
                0x038034bc                __vex_critical_section
                0x038034d0                __bss_end = .
                0x03802e78                _SDA_BASE_ = (__sdata_start + ((__sbss_end - __sdata_start) / 0x2))
                0x03802a10                _SDA2_BASE_ = (__sdata2_start + ((__sbss2_end - __sdata2_start) / 0x2))

.heap           0x038034d0   0x100000
                0x038034d0                . = ALIGN (0x10)
 *fill*         0x038034d0        0x0 
                0x038034d0                _heap = .
                0x038034d0                HeapBase = .
                0x038034d0                _heap_start = .
                0x039034d0                . = (. + _HEAP_SIZE)
 *fill*         0x038034d0   0x100000 
                0x039034d0                _heap_end = .
                0x039034d0                HeapLimit = .

.stack          0x039034d0     0x3800
                0x039034d0                . = ALIGN (0x10)
                0x039034d0                _stack_end = .
                0x039054d0                . = (. + _STACK_SIZE)
 *fill*         0x039034d0     0x2000 
                0x039054d0                . = ALIGN (0x10)
                0x039054d0                _stack = .
                0x039054d0                __stack = _stack
                0x039054d0                . = ALIGN (0x10)
                0x039054d0                _irq_stack_end = .
                0x039058d0                . = (. + _IRQ_STACK_SIZE)
 *fill*         0x039054d0      0x400 
                0x039058d0                . = ALIGN (0x10)
                0x039058d0                __irq_stack = .
                0x039058d0                _supervisor_stack_end = .
                0x039060d0                . = (. + _SUPERVISOR_STACK_SIZE)
 *fill*         0x039058d0      0x800 
                0x039060d0                . = ALIGN (0x10)
                0x039060d0                __supervisor_stack = .
                0x039060d0                _abort_stack_end = .
                0x039064d0                . = (. + _ABORT_STACK_SIZE)
 *fill*         0x039060d0      0x400 
                0x039064d0                . = ALIGN (0x10)
                0x039064d0                __abort_stack = .
                0x039064d0                _fiq_stack_end = .
                0x039068d0                . = (. + _FIQ_STACK_SIZE)
 *fill*         0x039064d0      0x400 
                0x039068d0                . = ALIGN (0x10)
                0x039068d0                __fiq_stack = .
                0x039068d0                _undef_stack_end = .
                0x03906cd0                . = (. + _UNDEF_STACK_SIZE)
 *fill*         0x039068d0      0x400 
                0x03906cd0                . = ALIGN (0x10)
                0x03906cd0                __undef_stack = .
                0x03906cd0                _end = .
LOAD C:\Program Files (x86)\VEX Robotics\VEXcode V5 Text\sdk/vexv5/stdlib_0.lib
LOAD build/src/main.o
LOAD build/src/Autons.o
LOAD build/src/AutonSupport.o
LOAD build/src/robot-config.o
LOAD build/src/DriveFunctions.o
START GROUP
LOAD C:\Program Files (x86)\VEX Robotics\VEXcode V5 Text\sdk/vexv5\libv5rt.a
LOAD C:\Program Files (x86)\VEX Robotics\VEXcode V5 Text\sdk/vexv5/gcc/libs\libstdc++.a
LOAD C:\Program Files (x86)\VEX Robotics\VEXcode V5 Text\sdk/vexv5/gcc/libs\libc.a
LOAD C:\Program Files (x86)\VEX Robotics\VEXcode V5 Text\sdk/vexv5/gcc/libs\libm.a
LOAD C:\Program Files (x86)\VEX Robotics\VEXcode V5 Text\sdk/vexv5/gcc/libs\libgcc.a
END GROUP
OUTPUT(build/DemoSetup.elf elf32-littlearm)

.comment        0x00000000       0x9d
 .comment       0x00000000       0x2d build/src/main.o
                                 0x2e (size before relaxing)
 .comment       0x00000000       0x2e build/src/Autons.o
 .comment       0x00000000       0x2e build/src/AutonSupport.o
 .comment       0x00000000       0x2e build/src/robot-config.o
 .comment       0x00000000       0x2e build/src/DriveFunctions.o
 .comment       0x0000002d       0x70 C:\Program Files (x86)\VEX Robotics\VEXcode V5 Text\sdk/vexv5\libv5rt.a(v5_startup.c.obj)
                                 0x71 (size before relaxing)
 .comment       0x00000000       0x71 C:\Program Files (x86)\VEX Robotics\VEXcode V5 Text\sdk/vexv5\libv5rt.a(v5_util.c.obj)
 .comment       0x00000000       0x71 C:\Program Files (x86)\VEX Robotics\VEXcode V5 Text\sdk/vexv5\libv5rt.a(v5_apijump.c.obj)
 .comment       0x00000000       0x71 C:\Program Files (x86)\VEX Robotics\VEXcode V5 Text\sdk/vexv5\libv5rt.a(v5_apiversions.c.obj)
 .comment       0x00000000       0x71 C:\Program Files (x86)\VEX Robotics\VEXcode V5 Text\sdk/vexv5\libv5rt.a(vex_global.cpp.obj)
 .comment       0x00000000       0x71 C:\Program Files (x86)\VEX Robotics\VEXcode V5 Text\sdk/vexv5\libv5rt.a(vex_motor.cpp.obj)
 .comment       0x00000000       0x71 C:\Program Files (x86)\VEX Robotics\VEXcode V5 Text\sdk/vexv5\libv5rt.a(vex_controller.cpp.obj)
 .comment       0x00000000       0x71 C:\Program Files (x86)\VEX Robotics\VEXcode V5 Text\sdk/vexv5\libv5rt.a(vex_thread.cpp.obj)
 .comment       0x00000000       0x71 C:\Program Files (x86)\VEX Robotics\VEXcode V5 Text\sdk/vexv5\libv5rt.a(vex_event.cpp.obj)
 .comment       0x00000000       0x71 C:\Program Files (x86)\VEX Robotics\VEXcode V5 Text\sdk/vexv5\libv5rt.a(vex_mevent.cpp.obj)
 .comment       0x00000000       0x71 C:\Program Files (x86)\VEX Robotics\VEXcode V5 Text\sdk/vexv5\libv5rt.a(vex_brain.cpp.obj)
 .comment       0x00000000       0x71 C:\Program Files (x86)\VEX Robotics\VEXcode V5 Text\sdk/vexv5\libv5rt.a(vex_competition.cpp.obj)
 .comment       0x00000000       0x71 C:\Program Files (x86)\VEX Robotics\VEXcode V5 Text\sdk/vexv5\libv5rt.a(vex_triport.cpp.obj)
 .comment       0x00000000       0x71 C:\Program Files (x86)\VEX Robotics\VEXcode V5 Text\sdk/vexv5\libv5rt.a(vex_color.cpp.obj)
 .comment       0x00000000       0x71 C:\Program Files (x86)\VEX Robotics\VEXcode V5 Text\sdk/vexv5\libv5rt.a(vex_timer.cpp.obj)
 .comment       0x00000000       0x71 C:\Program Files (x86)\VEX Robotics\VEXcode V5 Text\sdk/vexv5\libv5rt.a(v5_apiuser.c.obj)
 .comment       0x00000000       0x71 C:\Program Files (x86)\VEX Robotics\VEXcode V5 Text\sdk/vexv5\libv5rt.a(vex_device.cpp.obj)
 .comment       0x00000000       0x71 C:\Program Files (x86)\VEX Robotics\VEXcode V5 Text\sdk/vexv5\libv5rt.a(vex_task.cpp.obj)

.note.GNU-stack
                0x00000000        0x0
 .note.GNU-stack
                0x00000000        0x0 build/src/main.o
 .note.GNU-stack
                0x00000000        0x0 build/src/Autons.o
 .note.GNU-stack
                0x00000000        0x0 build/src/AutonSupport.o
 .note.GNU-stack
                0x00000000        0x0 build/src/robot-config.o
 .note.GNU-stack
                0x00000000        0x0 build/src/DriveFunctions.o

.debug_frame    0x00000000       0xb0
 .debug_frame   0x00000000       0x20 C:\Program Files (x86)\VEX Robotics\VEXcode V5 Text\sdk/vexv5/gcc/libs\libc.a(lib_a-aeabi_memcpy.o)
 .debug_frame   0x00000020       0x34 C:\Program Files (x86)\VEX Robotics\VEXcode V5 Text\sdk/vexv5/gcc/libs\libc.a(lib_a-fini.o)
 .debug_frame   0x00000054       0x2c C:\Program Files (x86)\VEX Robotics\VEXcode V5 Text\sdk/vexv5/gcc/libs\libc.a(lib_a-init.o)
 .debug_frame   0x00000080       0x30 C:\Program Files (x86)\VEX Robotics\VEXcode V5 Text\sdk/vexv5/gcc/libs\libc.a(lib_a-memcpy.o)
